O:64:"Okaufmann\LaravelNotificationLog\Tests\Support\DummyNotification":1:{s:2:"id";s:36:"ea354f33-33b9-4c83-b3ea-aff54d88af89";}